CCS PCM C Compiler, Version 5.015, 5967               20-Dec-19 19:48

               Filename:   A:\Line_Following\Demo.lst

               ROM used:   542 words (7%)
                           Largest free fragment is 2048
               RAM used:   24 (7%) at main() level
                           25 (7%) worst case
               Stack used: 3 locations (2 in main + 1 for interrupts)
               Stack size: 8

*
0000:  MOVLW  01
0001:  MOVWF  0A
0002:  GOTO   1F0
0003:  NOP
0004:  MOVWF  7F
0005:  SWAPF  03,W
0006:  CLRF   03
0007:  MOVWF  21
0008:  MOVF   0A,W
0009:  MOVWF  20
000A:  CLRF   0A
000B:  MOVF   04,W
000C:  MOVWF  22
000D:  MOVF   77,W
000E:  MOVWF  23
000F:  MOVF   78,W
0010:  MOVWF  24
0011:  MOVF   79,W
0012:  MOVWF  25
0013:  MOVF   7A,W
0014:  MOVWF  26
0015:  BCF    03.7
0016:  BCF    03.5
0017:  BTFSS  0B.4
0018:  GOTO   01B
0019:  BTFSC  0B.1
001A:  GOTO   032
001B:  MOVLW  8C
001C:  MOVWF  04
001D:  BTFSS  00.5
001E:  GOTO   021
001F:  BTFSC  0C.5
0020:  GOTO   035
0021:  MOVF   22,W
0022:  MOVWF  04
0023:  MOVF   23,W
0024:  MOVWF  77
0025:  MOVF   24,W
0026:  MOVWF  78
0027:  MOVF   25,W
0028:  MOVWF  79
0029:  MOVF   26,W
002A:  MOVWF  7A
002B:  MOVF   20,W
002C:  MOVWF  0A
002D:  SWAPF  21,W
002E:  MOVWF  03
002F:  SWAPF  7F,F
0030:  SWAPF  7F,W
0031:  RETFIE
0032:  BCF    0A.3
0033:  BCF    0A.4
0034:  GOTO   044
0035:  BCF    0A.3
0036:  BCF    0A.4
0037:  GOTO   038
.................... // Khai bao thu vien 
.................... #include <16f887.h> 
.................... //////////// Standard Header file for the PIC16F887 device //////////////// 
.................... /////////////////////////////////////////////////////////////////////////// 
.................... ////        (C) Copyright 1996, 2013 Custom Computer Services          //// 
.................... //// This source code may only be used by licensed users of the CCS C  //// 
.................... //// compiler.  This source code may only be distributed to other      //// 
.................... //// licensed users of the CCS C compiler.  No other use, reproduction //// 
.................... //// or distribution is permitted without written permission.          //// 
.................... //// Derivative programs created using this software in object code    //// 
.................... //// form are not restricted in any way.                               //// 
.................... /////////////////////////////////////////////////////////////////////////// 
.................... #device PIC16F887 
*
01E8:  BSF    0A.0
01E9:  BCF    0A.1
01EA:  BCF    0A.2
01EB:  ADDWF  02,F
01EC:  GOTO   188
01ED:  GOTO   19F
01EE:  GOTO   1B6
01EF:  GOTO   1CE
....................  
.................... #list 
....................  
.................... // nowdt = no watch dog, put = power up timer, hs = high speed, noprotect = no protect code , nolvp = no low power 
.................... #fuses nowdt, put, hs, noprotect, nolvp  
.................... // Tan so thach anh 20MHz 
.................... #use delay ( clock=20m) 
.................... #use rs232(baud=9600,xmit=pin_c6,rcv=pin_c7) 
.................... #INT_RDA 
.................... // Dinh nghia port B  
.................... #define S1  pin_b1 
.................... #define S2  pin_b2 
.................... #define S3  pin_b3 
.................... #define S4  pin_b4 
.................... #define S5  pin_b5 
.................... // Dinh nghia port C 
.................... #define ENA  pin_c1 //ccp2 -> trai 
.................... #define ENB  pin_c2 //ccp1 -> phai 
.................... #define TX  pin_c6 
.................... #define RX  pin_c7 
.................... // Dinh nghia port D 
.................... #define IN1  pin_d0 // trai 
.................... #define IN2  pin_d1 // trai 
.................... #define IN3  pin_d2 // phai 
.................... #define IN4  pin_d3 // phai 
.................... // Variable 
.................... int t,t1,t2,t3,t4,t5,stt,sttc,c; 
.................... int mode = 0 ; 
.................... char b; 
.................... void Init(); 
.................... void Sensor(); 
.................... void PWM_Motor(); 
.................... void Control(); 
.................... #INT_RDA 
.................... void interrupt_receive() 
.................... { 
....................     
....................       if (kbhit()) 
*
0038:  BTFSS  0C.5
0039:  GOTO   040
....................       { 
....................          b=getc(); // nhan ky tu goi 
003A:  BTFSS  0C.5
003B:  GOTO   03A
003C:  MOVF   1A,W
003D:  MOVWF  31
....................          c=b; // gan ky tu nhan duoc vao bien luu 
003E:  MOVF   31,W
003F:  MOVWF  2F
....................       } 
....................  } 
0040:  BCF    0C.5
0041:  BCF    0A.3
0042:  BCF    0A.4
0043:  GOTO   021
.................... #INT_EXT 
....................  void interrupt_ext() 
....................  { 
....................    mode ++; 
0044:  INCF   30,F
....................    if( mode >1 ) 
0045:  MOVF   30,W
0046:  SUBLW  01
0047:  BTFSS  03.0
....................    mode=0; 
0048:  CLRF   30
0049:  BCF    0B.1
004A:  BCF    0A.3
004B:  BCF    0A.4
004C:  GOTO   021
....................  } 
....................   
.................... /*---------------------------------------------------*/ 
.................... // Chuong trinh chinh 
.................... void main() 
*
01F0:  MOVF   03,W
01F1:  ANDLW  1F
01F2:  MOVWF  03
01F3:  BSF    03.5
01F4:  BSF    03.6
01F5:  BSF    07.3
01F6:  MOVLW  08
01F7:  BCF    03.6
01F8:  MOVWF  19
01F9:  MOVLW  02
01FA:  MOVWF  1A
01FB:  MOVLW  A6
01FC:  MOVWF  18
01FD:  MOVLW  90
01FE:  BCF    03.5
01FF:  MOVWF  18
0200:  CLRF   30
0201:  MOVLW  FF
0202:  MOVWF  32
0203:  BSF    03.5
0204:  BSF    03.6
0205:  MOVF   09,W
0206:  ANDLW  C0
0207:  MOVWF  09
0208:  BCF    03.6
0209:  BCF    1F.4
020A:  BCF    1F.5
020B:  MOVLW  00
020C:  BSF    03.6
020D:  MOVWF  08
020E:  BCF    03.5
020F:  CLRF   07
0210:  CLRF   08
0211:  CLRF   09
0212:  BCF    03.7
.................... { 
....................    while (true) 
....................    { 
....................        Init(); 
0213:  BCF    03.6
0214:  GOTO   04D
....................        if (mode==0) 
0215:  MOVF   30,F
0216:  BTFSS  03.2
0217:  GOTO   21B
....................        { 
....................          Sensor(); 
0218:  GOTO   07D
....................          PWM_Motor(); 
0219:  GOTO   10F
....................        } 
021A:  GOTO   21C
....................        else 
....................        { 
....................          Control(); 
021B:  GOTO   163
....................        } 
021C:  GOTO   214
....................         
....................       //Sensor(); 
....................       //PWM_Motor(); 
....................    } 
.................... } 
.................... void Init() 
021D:  SLEEP
.................... { 
.................... // ENA,ENB output 
....................    set_tris_c(0x00); 
*
004D:  MOVLW  00
004E:  BSF    03.5
004F:  MOVWF  07
0050:  BCF    03.5
0051:  MOVWF  32
.................... // Port D output 
....................    set_tris_d(0x00); 
0052:  BSF    03.5
0053:  MOVWF  08
.................... // Cho port d = 0 
....................    output_d(0x00); 
0054:  CLRF   08
0055:  BCF    03.5
0056:  CLRF   08
.................... // PWM 
.................... // Chon che do pwm ccp1 
....................    setup_ccp1(ccp_pwm); 
0057:  BCF    32.2
0058:  MOVF   32,W
0059:  BSF    03.5
005A:  MOVWF  07
005B:  BCF    03.5
005C:  BCF    07.2
005D:  MOVLW  0C
005E:  MOVWF  17
005F:  BSF    03.5
0060:  CLRF   1B
0061:  CLRF   1C
0062:  MOVLW  01
0063:  MOVWF  1D
.................... // Chon che do PWM ccp2    
....................    setup_ccp2(ccp_pwm); 
0064:  BCF    03.5
0065:  BCF    32.1
0066:  MOVF   32,W
0067:  BSF    03.5
0068:  MOVWF  07
0069:  BCF    03.5
006A:  BCF    07.1
006B:  MOVLW  0C
006C:  MOVWF  1D
.................... // T2 chia truoc 16, Tpwm = 0.8ms, chia sau 1  
....................    setup_timer_2(t2_div_by_16,249,1); 
006D:  MOVLW  00
006E:  MOVWF  78
006F:  IORLW  06
0070:  MOVWF  12
0071:  MOVLW  F9
0072:  BSF    03.5
0073:  MOVWF  12
.................... // Cho DC1 DC phai = 0 
....................    set_pwm1_duty(0); 
0074:  BCF    03.5
0075:  CLRF   15
.................... // Cho DC trai = 0 
....................    set_pwm2_duty(0); 
0076:  CLRF   1B
....................    enable_interrupts(global); 
0077:  MOVLW  C0
0078:  IORWF  0B,F
....................    enable_interrupts(int_ext); 
0079:  BSF    0B.4
007A:  BCF    0A.3
007B:  BCF    0A.4
007C:  GOTO   215 (RETURN)
....................     
....................     
.................... } 
.................... void Sensor() 
.................... { 
.................... // Cho port b = output 
....................    set_tris_b(0x01); 
007D:  MOVLW  01
007E:  BSF    03.5
007F:  MOVWF  06
.................... // Dua port b len High 
....................    output_b(0xfe); 
0080:  CLRF   06
0081:  MOVLW  FE
0082:  BCF    03.5
0083:  MOVWF  06
....................    delay_us(10); 
0084:  MOVLW  10
0085:  MOVWF  77
0086:  DECFSZ 77,F
0087:  GOTO   086
0088:  NOP
.................... // Cho port b lam input 
....................    set_tris_b(0xff); 
0089:  MOVLW  FF
008A:  BSF    03.5
008B:  MOVWF  06
.................... // Bien ung voi tung chan Sensor    
....................    t=0;t1=0;t2=0;t3=0;t4=0;t5=0; 
008C:  BCF    03.5
008D:  CLRF   27
008E:  CLRF   28
008F:  CLRF   29
0090:  CLRF   2A
0091:  CLRF   2B
0092:  CLRF   2C
....................    while(t<1000) 
....................    { 
....................       delay_us(1); 
0093:  GOTO   094
0094:  GOTO   095
0095:  NOP
....................       t++; // Tang bien dem 
0096:  INCF   27,F
....................       if( (input(S1)==0 && t1==0)) // Neu b0=Low   
0097:  BSF    03.5
0098:  BSF    06.1
0099:  BCF    03.5
009A:  BTFSC  06.1
009B:  GOTO   0A1
009C:  MOVF   28,F
009D:  BTFSS  03.2
009E:  GOTO   0A1
....................       t1=t; // Gan t1 = bien dem 
009F:  MOVF   27,W
00A0:  MOVWF  28
....................       // Tuong tu nhu tren 
....................       if( (input(S2)==0 && t2==0)) 
00A1:  BSF    03.5
00A2:  BSF    06.2
00A3:  BCF    03.5
00A4:  BTFSC  06.2
00A5:  GOTO   0AB
00A6:  MOVF   29,F
00A7:  BTFSS  03.2
00A8:  GOTO   0AB
....................       t2=t; 
00A9:  MOVF   27,W
00AA:  MOVWF  29
....................       // Tuong tu nhu tren 
....................       if( (input(S3)==0 && t3==0)) 
00AB:  BSF    03.5
00AC:  BSF    06.3
00AD:  BCF    03.5
00AE:  BTFSC  06.3
00AF:  GOTO   0B5
00B0:  MOVF   2A,F
00B1:  BTFSS  03.2
00B2:  GOTO   0B5
....................       t3=t; 
00B3:  MOVF   27,W
00B4:  MOVWF  2A
....................       // Tuong tu nhu tren 
....................       if( (input(S4)==0 && t4==0)) 
00B5:  BSF    03.5
00B6:  BSF    06.4
00B7:  BCF    03.5
00B8:  BTFSC  06.4
00B9:  GOTO   0BF
00BA:  MOVF   2B,F
00BB:  BTFSS  03.2
00BC:  GOTO   0BF
....................       t4=t; 
00BD:  MOVF   27,W
00BE:  MOVWF  2B
....................       // Tuong tu nhu tren 
....................       if( (input(S5)==0 && t5==0)) 
00BF:  BSF    03.5
00C0:  BSF    06.5
00C1:  BCF    03.5
00C2:  BTFSC  06.5
00C3:  GOTO   0C9
00C4:  MOVF   2C,F
00C5:  BTFSS  03.2
00C6:  GOTO   0C9
....................       t5=t;   
00C7:  MOVF   27,W
00C8:  MOVWF  2C
00C9:  GOTO   093
....................    } 
....................       if((t1>250)&&( t2<250)&&(t3<250)&&(t4<250)&&(t5>250)) 
00CA:  MOVF   28,W
00CB:  SUBLW  FA
00CC:  BTFSC  03.0
00CD:  GOTO   0E0
00CE:  MOVF   29,W
00CF:  SUBLW  F9
00D0:  BTFSS  03.0
00D1:  GOTO   0E0
00D2:  MOVF   2A,W
00D3:  SUBLW  F9
00D4:  BTFSS  03.0
00D5:  GOTO   0E0
00D6:  MOVF   2B,W
00D7:  SUBLW  F9
00D8:  BTFSS  03.0
00D9:  GOTO   0E0
00DA:  MOVF   2C,W
00DB:  SUBLW  FA
00DC:  BTFSC  03.0
00DD:  GOTO   0E0
....................       { 
....................          stt=1; // Giua line 
00DE:  MOVLW  01
00DF:  MOVWF  2D
....................       } 
....................       if((t1<250)&&(t2<250)&&(t3<250)&&(t4>250)&&(t5>250)) 
00E0:  MOVF   28,W
00E1:  SUBLW  F9
00E2:  BTFSS  03.0
00E3:  GOTO   0F6
00E4:  MOVF   29,W
00E5:  SUBLW  F9
00E6:  BTFSS  03.0
00E7:  GOTO   0F6
00E8:  MOVF   2A,W
00E9:  SUBLW  F9
00EA:  BTFSS  03.0
00EB:  GOTO   0F6
00EC:  MOVF   2B,W
00ED:  SUBLW  FA
00EE:  BTFSC  03.0
00EF:  GOTO   0F6
00F0:  MOVF   2C,W
00F1:  SUBLW  FA
00F2:  BTFSC  03.0
00F3:  GOTO   0F6
....................       { 
....................          stt=2; // Phai line 
00F4:  MOVLW  02
00F5:  MOVWF  2D
....................       } 
....................       if((t1>250)&&( t2>250)&&(t3<250)&&(t4<250)&&(t5<250)) 
00F6:  MOVF   28,W
00F7:  SUBLW  FA
00F8:  BTFSC  03.0
00F9:  GOTO   10C
00FA:  MOVF   29,W
00FB:  SUBLW  FA
00FC:  BTFSC  03.0
00FD:  GOTO   10C
00FE:  MOVF   2A,W
00FF:  SUBLW  F9
0100:  BTFSS  03.0
0101:  GOTO   10C
0102:  MOVF   2B,W
0103:  SUBLW  F9
0104:  BTFSS  03.0
0105:  GOTO   10C
0106:  MOVF   2C,W
0107:  SUBLW  F9
0108:  BTFSS  03.0
0109:  GOTO   10C
....................       { 
....................          stt=3; // Trai line 
010A:  MOVLW  03
010B:  MOVWF  2D
....................       } 
010C:  BCF    0A.3
010D:  BCF    0A.4
010E:  GOTO   219 (RETURN)
.................... } 
.................... void PWM_Motor() 
.................... { 
....................    switch(stt) 
010F:  MOVF   2D,W
0110:  XORLW  01
0111:  BTFSC  03.2
0112:  GOTO   11A
0113:  XORLW  03
0114:  BTFSC  03.2
0115:  GOTO   131
0116:  XORLW  01
0117:  BTFSC  03.2
0118:  GOTO   149
0119:  GOTO   160
....................    { 
....................       case 1 :  // di thang  
....................       // phai 
....................        
....................          delay_us(1); 
011A:  GOTO   11B
011B:  GOTO   11C
011C:  NOP
....................          output_high(IN1); 
011D:  BSF    03.5
011E:  BCF    08.0
011F:  BCF    03.5
0120:  BSF    08.0
....................          output_low (IN2); 
0121:  BSF    03.5
0122:  BCF    08.1
0123:  BCF    03.5
0124:  BCF    08.1
....................          set_pwm1_duty(50); 
0125:  MOVLW  32
0126:  MOVWF  15
....................       // trai 
....................          output_high(IN3); 
0127:  BSF    03.5
0128:  BCF    08.2
0129:  BCF    03.5
012A:  BSF    08.2
....................          output_low (IN4); 
012B:  BSF    03.5
012C:  BCF    08.3
012D:  BCF    03.5
012E:  BCF    08.3
....................          set_pwm2_duty(50); 
012F:  MOVWF  1B
....................        
....................          break; 
0130:  GOTO   160
....................       case 2 :  // phai line  
....................        
....................       // phai 
....................          delay_us(1); 
0131:  GOTO   132
0132:  GOTO   133
0133:  NOP
....................          output_high(IN1); 
0134:  BSF    03.5
0135:  BCF    08.0
0136:  BCF    03.5
0137:  BSF    08.0
....................          output_low (IN2); 
0138:  BSF    03.5
0139:  BCF    08.1
013A:  BCF    03.5
013B:  BCF    08.1
....................          set_pwm1_duty(80); 
013C:  MOVLW  50
013D:  MOVWF  15
....................       // trai 
....................          output_high(IN3); 
013E:  BSF    03.5
013F:  BCF    08.2
0140:  BCF    03.5
0141:  BSF    08.2
....................          output_low (IN4); 
0142:  BSF    03.5
0143:  BCF    08.3
0144:  BCF    03.5
0145:  BCF    08.3
....................          set_pwm2_duty(30); 
0146:  MOVLW  1E
0147:  MOVWF  1B
....................       
....................          break; 
0148:  GOTO   160
....................       case 3 :  // trai line 
....................        
....................       // phai 
....................          delay_us(1); 
0149:  GOTO   14A
014A:  GOTO   14B
014B:  NOP
....................          output_high(IN1); 
014C:  BSF    03.5
014D:  BCF    08.0
014E:  BCF    03.5
014F:  BSF    08.0
....................          output_low (IN2); 
0150:  BSF    03.5
0151:  BCF    08.1
0152:  BCF    03.5
0153:  BCF    08.1
....................          set_pwm1_duty(30); 
0154:  MOVLW  1E
0155:  MOVWF  15
....................       // trai 
....................          output_high(IN3); 
0156:  BSF    03.5
0157:  BCF    08.2
0158:  BCF    03.5
0159:  BSF    08.2
....................          output_low (IN4); 
015A:  BSF    03.5
015B:  BCF    08.3
015C:  BCF    03.5
015D:  BCF    08.3
....................          set_pwm2_duty(80); 
015E:  MOVLW  50
015F:  MOVWF  1B
....................          break; 
.................... } 
0160:  BCF    0A.3
0161:  BCF    0A.4
0162:  GOTO   21A (RETURN)
.................... } 
....................  
....................  void Control() 
.................... { 
....................    enable_interrupts(global); 
0163:  MOVLW  C0
0164:  IORWF  0B,F
....................    ext_int_edge(H_TO_L); 
0165:  BSF    03.5
0166:  BCF    01.6
....................    enable_interrupts(int_rda); 
0167:  BSF    0C.5
....................    if ( c== '1') 
0168:  BCF    03.5
0169:  MOVF   2F,W
016A:  SUBLW  31
016B:  BTFSS  03.2
016C:  GOTO   16F
....................    { 
....................       sttc= 1; // toi 
016D:  MOVLW  01
016E:  MOVWF  2E
....................    } 
....................    if ( c== '2') 
016F:  MOVF   2F,W
0170:  SUBLW  32
0171:  BTFSS  03.2
0172:  GOTO   175
....................    { 
....................       sttc= 2; // lui 
0173:  MOVLW  02
0174:  MOVWF  2E
....................    } 
....................    if ( c== '3') 
0175:  MOVF   2F,W
0176:  SUBLW  33
0177:  BTFSS  03.2
0178:  GOTO   17B
....................    { 
....................       sttc= 3; // trai 
0179:  MOVLW  03
017A:  MOVWF  2E
....................    } 
....................    if ( c== '4') 
017B:  MOVF   2F,W
017C:  SUBLW  34
017D:  BTFSS  03.2
017E:  GOTO   181
....................    { 
....................       sttc= 4; // phai 
017F:  MOVLW  04
0180:  MOVWF  2E
....................    } 
....................    switch (sttc) 
0181:  MOVLW  01
0182:  SUBWF  2E,W
0183:  ADDLW  FC
0184:  BTFSC  03.0
0185:  GOTO   1E5
0186:  ADDLW  04
0187:  GOTO   1E8
....................    { 
....................       case 1 : 
....................       delay_us(1); 
0188:  GOTO   189
0189:  GOTO   18A
018A:  NOP
....................          output_high(IN1); 
018B:  BSF    03.5
018C:  BCF    08.0
018D:  BCF    03.5
018E:  BSF    08.0
....................          output_low (IN2); 
018F:  BSF    03.5
0190:  BCF    08.1
0191:  BCF    03.5
0192:  BCF    08.1
....................          set_pwm1_duty(50); 
0193:  MOVLW  32
0194:  MOVWF  15
....................       // trai 
....................          output_high(IN3); 
0195:  BSF    03.5
0196:  BCF    08.2
0197:  BCF    03.5
0198:  BSF    08.2
....................          output_low (IN4); 
0199:  BSF    03.5
019A:  BCF    08.3
019B:  BCF    03.5
019C:  BCF    08.3
....................          set_pwm2_duty(50); 
019D:  MOVWF  1B
....................          break; 
019E:  GOTO   1E5
....................       case 2 : 
....................       delay_us(1); 
019F:  GOTO   1A0
01A0:  GOTO   1A1
01A1:  NOP
....................          output_high(IN2); 
01A2:  BSF    03.5
01A3:  BCF    08.1
01A4:  BCF    03.5
01A5:  BSF    08.1
....................          output_low (IN1); 
01A6:  BSF    03.5
01A7:  BCF    08.0
01A8:  BCF    03.5
01A9:  BCF    08.0
....................          set_pwm1_duty(50); 
01AA:  MOVLW  32
01AB:  MOVWF  15
....................       // trai 
....................          output_high(IN4); 
01AC:  BSF    03.5
01AD:  BCF    08.3
01AE:  BCF    03.5
01AF:  BSF    08.3
....................          output_low (IN3); 
01B0:  BSF    03.5
01B1:  BCF    08.2
01B2:  BCF    03.5
01B3:  BCF    08.2
....................          set_pwm2_duty(50); 
01B4:  MOVWF  1B
....................          break; 
01B5:  GOTO   1E5
....................        case 3 : 
....................        delay_us(1); 
01B6:  GOTO   1B7
01B7:  GOTO   1B8
01B8:  NOP
....................          output_high(IN1); 
01B9:  BSF    03.5
01BA:  BCF    08.0
01BB:  BCF    03.5
01BC:  BSF    08.0
....................          output_low (IN2); 
01BD:  BSF    03.5
01BE:  BCF    08.1
01BF:  BCF    03.5
01C0:  BCF    08.1
....................          set_pwm1_duty(80); 
01C1:  MOVLW  50
01C2:  MOVWF  15
....................       // trai 
....................          output_high(IN3); 
01C3:  BSF    03.5
01C4:  BCF    08.2
01C5:  BCF    03.5
01C6:  BSF    08.2
....................          output_low (IN4); 
01C7:  BSF    03.5
01C8:  BCF    08.3
01C9:  BCF    03.5
01CA:  BCF    08.3
....................          set_pwm2_duty(30); 
01CB:  MOVLW  1E
01CC:  MOVWF  1B
....................          break; 
01CD:  GOTO   1E5
....................          case 4 : 
....................        delay_us(1); 
01CE:  GOTO   1CF
01CF:  GOTO   1D0
01D0:  NOP
....................          output_high(IN1); 
01D1:  BSF    03.5
01D2:  BCF    08.0
01D3:  BCF    03.5
01D4:  BSF    08.0
....................          output_low (IN2); 
01D5:  BSF    03.5
01D6:  BCF    08.1
01D7:  BCF    03.5
01D8:  BCF    08.1
....................          set_pwm1_duty(30); 
01D9:  MOVLW  1E
01DA:  MOVWF  15
....................       // trai 
....................          output_high(IN3); 
01DB:  BSF    03.5
01DC:  BCF    08.2
01DD:  BCF    03.5
01DE:  BSF    08.2
....................          output_low (IN4); 
01DF:  BSF    03.5
01E0:  BCF    08.3
01E1:  BCF    03.5
01E2:  BCF    08.3
....................          set_pwm2_duty(80); 
01E3:  MOVLW  50
01E4:  MOVWF  1B
....................          break; 
....................    } 
01E5:  BCF    0A.3
01E6:  BCF    0A.4
01E7:  GOTO   21C (RETURN)
.................... } 
....................  
....................  
....................        
....................        
....................        
....................        
....................        
....................        
....................        
....................        
....................        
....................        
....................        
....................        
....................        
....................        
....................        
....................        
....................        
....................        
....................        
....................        
....................        
....................        
....................        
....................        
....................        
....................        
....................        
....................        
....................        
....................        
....................        
....................        
....................        
....................        
....................        
....................        
....................        
....................        
....................        
....................        
....................        
....................        
....................        
....................        
....................        
....................        
....................        
....................        
....................        
....................        
....................        
....................        
....................        
....................        
....................        
....................        
....................        
....................        
....................        
....................        
....................        
....................        
....................        
....................        
....................        
....................        
....................        
....................        
....................       
....................        
....................        
....................        
....................        
....................        
....................        
....................        
....................        
....................        
....................        
....................        
....................        
....................        
....................        
....................        
....................        
....................        
....................        
....................        
....................        
....................        
....................        
....................        
....................        
....................        
....................        
....................        
....................        
....................        
....................        
....................        
....................        
....................        
....................        
....................        
....................        
....................        
....................        
....................        
....................        
....................        
....................        
....................        
....................        
....................        
....................        
....................        
....................        
....................        
....................        
....................        
....................        
....................        
....................        
....................        
....................        
....................        
....................        
....................        
....................        
....................        
....................        
....................        
....................        
....................        
....................        
....................        
....................        
....................        
....................        
....................        
....................        
....................        
....................        
....................        
....................        
....................        
....................        
....................        
....................        
....................        
....................        
....................        
....................        
....................        
....................        
....................        
....................        
....................        
....................        
....................        
....................        
....................        
....................        
....................        
....................        
....................        
....................        
....................        
....................        
....................        
....................        
....................        
....................        
....................        
....................        
....................        
....................        
....................        
....................        
....................        
....................        
....................        
....................        
....................        
....................        
....................        
....................        
....................        
....................        
....................        
....................        
....................        
....................        
....................        
....................        
....................        
....................        
....................        
....................        
....................        
....................        
....................        
....................        
....................        
....................        
....................        
....................        
....................        
....................        
....................        
....................        
....................        
....................        
....................        
....................        
....................        
....................        
....................        
....................        
....................        
....................        
....................        
....................        
....................        
....................        
....................        
....................        
....................        
....................        
....................        
....................        
....................        
....................        
....................        
....................        
....................        
....................        
....................        
....................        
....................        
....................        
....................        
....................        
....................        
....................        
....................        
....................        
....................        
....................        
....................        
....................        
....................        
....................        
....................        
....................        
....................        
....................        
....................        
....................        
....................        
....................        
....................        
....................        
....................        
....................        
....................        
....................        
....................        
....................        
....................        
....................        
....................        
....................        
....................        
....................        
....................        
....................        
....................        
....................        
....................        
....................        
....................        
....................        
....................        
....................        
....................        
....................        
....................        
....................        
....................        
....................        
....................        
....................        
....................        
....................        
....................        
....................        
....................        
....................        
....................        
....................        
....................        
....................        
....................        
....................        
....................        
....................        
....................        
....................        
....................        
....................        
....................        
....................        
....................        
....................        
....................        
....................        
....................        
....................        
....................        
....................        
....................        
....................        
....................        
....................        
....................        
....................        
....................        
....................        
....................        
....................        
....................        
....................        
....................        
....................        
....................        
....................        
....................        
....................        
....................        
....................        
....................        
....................        
....................        
....................        
....................        
....................        
....................        
....................        
....................        
....................        
....................        
....................        
....................        
....................        
....................        
....................        
....................        
....................        
....................        
....................        
....................        
....................        
....................        
....................        
....................        
....................        
....................        
....................        
....................        
....................        
....................        
....................        
....................        
....................        
....................        
....................        
....................        
....................        
....................        
....................        
....................        
....................        
....................        
....................        
....................        
....................        
....................        
....................        
....................        
....................        
....................        
....................        
....................        
....................        
....................        
....................        
....................        
....................        
....................        
....................        
....................        
....................        
....................        
....................        
....................        
....................        
....................        
....................        
....................        
....................        
....................        
....................        
....................        
....................        
....................        
....................        
....................        
....................        
....................        
....................        
....................        
....................        
....................        
....................        
....................        
....................        
....................        
....................        
....................        
....................        
....................        
....................        
....................        
....................        
....................        
....................        
....................        
....................        
....................        
....................        
....................        
....................        
....................        
....................        
....................        
....................        
....................        
....................        
....................        
....................        
....................        
....................        
....................        
....................        
....................        
....................        
....................        
....................        
....................        
....................        
....................        
....................        
....................        
....................        
....................        
....................        
....................        
....................        
....................        
....................        
....................        
....................        
....................        
....................        
....................        
....................        
....................        
....................        
....................        
....................        
....................        
....................        
....................        
....................        
....................        
....................        
....................        
....................        
....................        
....................        
....................        
....................        
....................        
....................        
....................        
....................        
....................        
....................        
....................        
....................        
....................        
....................        
....................        
....................        
....................        
....................        
....................        
....................        
....................        
....................        
....................        
....................        
....................        
....................        
....................        
....................        
....................        
....................        
....................        
....................        
....................        
....................        
....................        
....................        
....................        
....................        
....................        
....................        
....................        
....................        
....................        
....................        
....................        
....................        
....................        
....................        
....................        
....................        
....................        
....................        
....................        
....................        
....................        
....................        
....................        
....................        
....................        
....................        
....................        
....................        
....................        
....................        
....................        
....................        
....................        
....................        
....................        
....................        
....................        
....................        
....................        
....................        
....................        
....................        
....................        
....................        
....................        
....................        
....................        
....................        
....................        
....................        
....................        
....................        
....................        
....................        
....................        
....................        
....................        
....................        
....................        
....................        
....................        
....................        
....................        
....................        
....................        
....................        
....................        
....................        
....................        
....................        
....................        
....................        
....................        
....................        
....................        
....................        
....................        
....................        
....................        
....................        
....................        
....................        
....................        
....................        
....................        
....................        
....................        
....................        
....................        
....................        
....................        
....................        
....................        
....................        
....................        
....................        
....................        
....................        
....................        
....................        
....................        
....................        
....................        
....................        
....................        
....................        
....................        
....................        
....................        
....................        
....................        
....................        
....................        
....................        
....................        
....................        
....................        
....................        
....................        
....................        
....................        
....................        
....................        
....................        
....................        
....................        
....................        
....................        
....................        
....................        
....................        
....................        
....................        
....................        
....................        
....................        
....................        
....................        
....................        
....................        
....................        
....................        
....................        
....................        
....................        
....................        
....................        
....................        
....................        
....................        
....................        
....................        
....................        
....................        
....................        
....................        
....................        
....................        
....................        
....................        
....................        
....................        
....................        
....................        
....................        
....................        
....................        
....................        
....................        
....................        
....................        
....................        
....................        
....................        
....................        
....................        
....................        
....................        
....................        
....................        
....................        
....................        
....................        
....................        
....................        
....................        
....................        
....................        
....................        
....................        
....................        
....................        
....................        
....................        
....................        
....................        
....................        
....................        
....................        
....................        
....................        
....................        
....................        
....................        
....................        
....................        
....................        
....................        
....................        
....................        
....................        
....................        
....................        
....................        
....................        
....................        
....................        
....................        
....................        
....................        
....................        
....................        
....................        
....................        
....................        
....................        
....................        
....................        
....................        
....................        
....................        
....................        
....................        
....................        
....................        
....................        
....................        
....................        
....................        
....................        
....................        
....................        
....................        
....................        
....................        
....................        
....................        
....................        
....................        
....................        
....................        
....................        
....................        
....................        
....................        
....................        
....................        
....................        
....................        
....................        
....................        
....................        
....................        
....................        
....................        
....................        
....................        
....................        
....................        
....................        
....................        
....................        
....................        
....................        
....................        
....................        
....................        
....................        
....................        
....................        
....................        
....................        
....................        
....................        
....................        
....................        
....................        
....................        
....................        
....................        
....................        
....................        
....................        
....................        
....................        
....................        
....................        
....................        
....................        
....................        
....................        
....................        
....................        
....................        
....................        
....................        
....................        
....................        
....................        
....................        
....................        
....................        
....................        
....................        
....................        
....................        
....................        
....................        
....................        
....................        
....................        
....................        
....................        
....................        
....................        
....................        
....................        
....................        
....................        
....................        
....................        
....................        
....................        
....................        
....................        
....................        
....................        
....................        
....................        
....................        
....................        
....................        
....................        
....................        
....................        
....................        
....................        
....................        
....................        
....................        
....................        
....................        
....................        
....................        
....................        
....................        
....................        
....................        
....................        
....................        
....................        
....................        
....................        
....................        
....................        
....................        
....................        
....................        
....................        
....................        
....................        
....................        
....................        
....................        
....................        
....................        
....................        
....................        
....................        
....................        
....................        
....................        
....................        
....................        
....................        
....................        
....................        
....................        
....................        
....................        
....................        
....................        
....................        
....................        
....................        
....................        
....................        
....................        
....................        
....................        
....................        
....................        
....................        
....................        
....................        
....................        
....................        
....................        
....................        
....................        
....................        
....................        
....................        
....................        
....................        
....................        
....................        
....................        
....................        
....................        
....................        
....................        
....................        
....................        
....................        
....................        
....................        
....................        
....................        
....................        
....................        
....................        
....................        
....................        
....................        
....................        
....................        
....................        
....................        
....................        
....................        
....................        
....................        
....................        
....................        
....................        
....................        
....................        
....................        
....................        
....................        
....................        
....................        
....................        
....................        
....................        
....................        
....................        
....................        
....................        
....................        
....................        
....................        
....................        
....................        
....................        
....................        
....................        
....................        
....................        
....................        
....................        
....................        
....................        
....................        
....................        
....................        
....................        
....................        
....................        
....................        
....................        
....................        
....................        
....................        
....................        
....................        
....................        
....................        
....................        
....................        
....................        
....................        
....................        
....................        
....................        
....................        
....................        
....................        
....................        
....................        
....................        
....................        
....................        
....................        
....................        
....................        
....................        
....................        
....................        
....................        
....................        
....................        
....................        
....................        
....................        
....................        
....................        
....................        
....................        
....................        
....................        
....................        
....................        
....................        
....................        
....................        
....................        
....................        
....................        
....................        
....................        
....................        
....................        
....................        
....................        
....................        
....................        
....................        
....................        
....................        
....................        
....................        
....................        
....................        
....................        
....................        
....................        
....................        
....................        
....................        
....................        
....................        
....................        
....................        
....................        
....................        
....................        
....................        
....................        
....................        
....................        
....................        
....................        
....................        
....................        
....................        
....................        
....................        
....................        
....................        
....................        
....................        
....................        
....................        
....................        
....................        
....................        
....................        
....................        
....................        
....................        
....................        
....................        
....................        
....................        
....................        
....................        
....................        
....................        
....................        
....................        
....................        
....................        
....................        
....................        
....................        
....................        
....................        
....................        
....................        
....................        
....................        
....................        
....................        
....................        
....................        
....................        
....................        
....................        
....................        
....................        
....................        
....................        
....................        
....................        
....................        
....................        
....................        
....................        
....................        
....................        
....................        
....................        
....................        
....................        
....................        
....................        
....................        
....................        
....................        
....................        
....................        
....................        
....................        
....................        
....................        
....................        
....................        
....................        
....................        
....................        
....................        
....................        
....................        
....................        
....................        
....................        
....................        
....................        
....................        
....................        
....................        
....................        
....................        
....................        
....................        
....................        
....................        
....................        
....................        
....................        
....................        
....................        
....................        
....................        
....................        
....................        
....................        
....................        
....................        
....................        
....................        
....................        
....................        
....................        
....................        
....................        
....................        
....................        
....................        
....................        
....................        
....................        
....................        
....................        
....................        
....................        
....................        
....................        
....................        
....................        
....................        
....................        
....................        
....................        
....................        
....................        
....................        
....................        
....................        
....................        
....................        
....................        
....................        
....................        
....................        
....................        
....................        
....................        
....................        
....................        
....................        
....................        
....................        
....................        
....................        
....................        
....................        
....................        
....................        
....................        
....................        
....................        
....................        
....................        
....................        
....................        
....................        
....................        
....................        
....................        
....................        
....................        
....................        
....................        
....................        
....................        
....................        
....................        
....................        
....................        
....................        
....................        
....................        
....................        
....................        
....................        
....................        
....................        
....................        
....................        
....................        
....................        
....................        
....................        
....................        
....................        
....................        
....................        
....................        
....................        
....................        
....................        
....................        
....................        
....................        
....................        
....................        
....................        
....................        
....................        
....................        
....................        
....................        
....................        
....................        
....................        
....................        
....................        
....................        
....................        
....................        
....................        
....................        
....................        
....................        
....................        
....................        
....................        
....................        
....................        
....................        
....................        
....................        
....................        
....................        
....................        
....................        
....................        
....................        
....................        
....................        
....................        
....................        
....................        
....................        
....................        
....................        
....................        
....................        
....................        
....................        
....................        
....................        
....................        
....................        
....................        
....................        
....................        
....................        
....................        
....................        
....................        
....................        
....................        
....................        
....................        
....................        
....................        
....................        
....................        
....................        
....................        
....................        
....................        
....................        
....................        
....................        
....................        
....................        
....................        
....................        
....................        
....................        
....................        
....................        
....................        
....................        
....................        
....................        
....................        
....................        
....................        
....................        
....................        
....................        
....................        
....................        
....................        
....................        
....................        
....................        
....................        
....................        
....................        
....................        
....................        
....................        
....................        
....................        
....................        
....................        
....................        
....................        
....................        
....................        
....................        
....................        
....................        
....................        
....................        
....................        
....................        
....................        
....................        
....................        
....................        
....................        
....................        
....................        
....................        
....................        
....................        
....................        
....................        
....................        
....................        
....................        
....................        
....................        
....................        
....................        
....................        
....................        
....................        
....................        
....................        
....................        
....................        
....................        
....................        
....................        
....................        
....................        
....................   
....................       
....................        
....................        
....................        
....................        
....................        
....................        
....................        
....................        
....................        
....................        
....................        
....................        
....................        
....................        
....................        
....................        
....................        
....................        
....................        
....................        
....................        
....................        
....................        
....................        
....................        
....................        
....................        
....................        
....................        
....................        
....................        
....................        
....................        
....................        
....................        
....................        
....................        
....................        
....................        
....................        
....................        
....................        
....................        
....................        
....................        
....................        
....................        
....................        
....................        
....................        
....................        
....................        
....................        
....................        
....................        
....................        
....................        
....................        
....................        
....................        
....................        
....................        
....................        
....................        
....................        
....................        
....................        
....................        
....................        
....................        
....................        
....................        
....................        
....................        
....................  
....................  

Configuration Fuses:
   Word  1: 2FE2   HS NOWDT PUT MCLR NOPROTECT NOCPD BROWNOUT IESO FCMEN NOLVP NODEBUG
   Word  2: 3FFF   BORV40 NOWRT
